Watching graph/ for changes (debounce 2.0s). Ctrl+C to stop.
Running initial pass...
🔄 Semantica is reasoning: Starting semi-naive fixpoint evaluation 🤔 reasoning DatalogReasoner |░░░░░░░░░░░░░░░| 0.0% ETA: - Rate: - Time: 0.00s Extracted: -✅ Semantica is reasoning: Fixpoint reached in 7 iterations. 3616 new facts derived. 🤔 reasoning DatalogReasoner |███████████████| 100.0% ETA: - Rate: - Time: 0.70s Extracted: -  2907 inferred facts across 806 concepts, 2 files updated

[16:12:18] Change detected, re-running reasoning...
🔄 Semantica is reasoning: Starting semi-naive fixpoint evaluation 🤔 reasoning DatalogReasoner |░░░░░░░░░░░░░░░| 0.0% ETA: - Rate: - Time: 0.00s Extracted: -✅ Semantica is reasoning: Fixpoint reached in 7 iterations. 3616 new facts derived. 🤔 reasoning DatalogReasoner |███████████████| 100.0% ETA: - Rate: - Time: 0.71s Extracted: -  2907 inferred facts across 806 concepts, 0 files updated

[16:12:23] Change detected, re-running reasoning...
🔄 Semantica is reasoning: Starting semi-naive fixpoint evaluation 🤔 reasoning DatalogReasoner |░░░░░░░░░░░░░░░| 0.0% ETA: - Rate: - Time: 0.00s Extracted: -✅ Semantica is reasoning: Fixpoint reached in 7 iterations. 3616 new facts derived. 🤔 reasoning DatalogReasoner |███████████████| 100.0% ETA: - Rate: - Time: 0.72s Extracted: -  2907 inferred facts across 806 concepts, 0 files updated

[16:15:14] Change detected, re-running reasoning...
🔄 Semantica is reasoning: Starting semi-naive fixpoint evaluation 🤔 reasoning DatalogReasoner |░░░░░░░░░░░░░░░| 0.0% ETA: - Rate: - Time: 0.00s Extracted: -✅ Semantica is reasoning: Fixpoint reached in 7 iterations. 3616 new facts derived. 🤔 reasoning DatalogReasoner |███████████████| 100.0% ETA: - Rate: - Time: 0.71s Extracted: -  2907 inferred facts across 806 concepts, 1 files updated

[16:15:19] Change detected, re-running reasoning...
🔄 Semantica is reasoning: Starting semi-naive fixpoint evaluation 🤔 reasoning DatalogReasoner |░░░░░░░░░░░░░░░| 0.0% ETA: - Rate: - Time: 0.00s Extracted: -✅ Semantica is reasoning: Fixpoint reached in 7 iterations. 3616 new facts derived. 🤔 reasoning DatalogReasoner |███████████████| 100.0% ETA: - Rate: - Time: 0.73s Extracted: -  2907 inferred facts across 806 concepts, 0 files updated

[16:15:24] Change detected, re-running reasoning...
🔄 Semantica is reasoning: Starting semi-naive fixpoint evaluation 🤔 reasoning DatalogReasoner |░░░░░░░░░░░░░░░| 0.0% ETA: - Rate: - Time: 0.00s Extracted: -✅ Semantica is reasoning: Fixpoint reached in 7 iterations. 3616 new facts derived. 🤔 reasoning DatalogReasoner |███████████████| 100.0% ETA: - Rate: - Time: 0.72s Extracted: -  2907 inferred facts across 806 concepts, 0 files updated

[16:17:21] Change detected, re-running reasoning...
🔄 Semantica is reasoning: Starting semi-naive fixpoint evaluation 🤔 reasoning DatalogReasoner |░░░░░░░░░░░░░░░| 0.0% ETA: - Rate: - Time: 0.00s Extracted: -✅ Semantica is reasoning: Fixpoint reached in 7 iterations. 3616 new facts derived. 🤔 reasoning DatalogReasoner |███████████████| 100.0% ETA: - Rate: - Time: 0.70s Extracted: -  2907 inferred facts across 806 concepts, 1 files updated

[16:17:26] Change detected, re-running reasoning...
🔄 Semantica is reasoning: Starting semi-naive fixpoint evaluation 🤔 reasoning DatalogReasoner |░░░░░░░░░░░░░░░| 0.0% ETA: - Rate: - Time: 0.00s Extracted: -✅ Semantica is reasoning: Fixpoint reached in 7 iterations. 3616 new facts derived. 🤔 reasoning DatalogReasoner |███████████████| 100.0% ETA: - Rate: - Time: 0.71s Extracted: -  2907 inferred facts across 806 concepts, 1 files updated

[16:17:31] Change detected, re-running reasoning...
🔄 Semantica is reasoning: Starting semi-naive fixpoint evaluation 🤔 reasoning DatalogReasoner |░░░░░░░░░░░░░░░| 0.0% ETA: - Rate: - Time: 0.00s Extracted: -✅ Semantica is reasoning: Fixpoint reached in 7 iterations. 3616 new facts derived. 🤔 reasoning DatalogReasoner |███████████████| 100.0% ETA: - Rate: - Time: 0.71s Extracted: -  2907 inferred facts across 806 concepts, 0 files updated

[16:17:47] Change detected, re-running reasoning...
🔄 Semantica is reasoning: Starting semi-naive fixpoint evaluation 🤔 reasoning DatalogReasoner |░░░░░░░░░░░░░░░| 0.0% ETA: - Rate: - Time: 0.00s Extracted: -✅ Semantica is reasoning: Fixpoint reached in 7 iterations. 3616 new facts derived. 🤔 reasoning DatalogReasoner |███████████████| 100.0% ETA: - Rate: - Time: 0.72s Extracted: -  2907 inferred facts across 806 concepts, 1 files updated

[16:17:52] Change detected, re-running reasoning...
🔄 Semantica is reasoning: Starting semi-naive fixpoint evaluation 🤔 reasoning DatalogReasoner |░░░░░░░░░░░░░░░| 0.0% ETA: - Rate: - Time: 0.00s Extracted: -✅ Semantica is reasoning: Fixpoint reached in 7 iterations. 3616 new facts derived. 🤔 reasoning DatalogReasoner |███████████████| 100.0% ETA: - Rate: - Time: 0.70s Extracted: -  2907 inferred facts across 806 concepts, 0 files updated

[16:17:58] Change detected, re-running reasoning...
🔄 Semantica is reasoning: Starting semi-naive fixpoint evaluation 🤔 reasoning DatalogReasoner |░░░░░░░░░░░░░░░| 0.0% ETA: - Rate: - Time: 0.00s Extracted: -✅ Semantica is reasoning: Fixpoint reached in 7 iterations. 3618 new facts derived. 🤔 reasoning DatalogReasoner |███████████████| 100.0% ETA: - Rate: - Time: 0.72s Extracted: -  2907 inferred facts across 806 concepts, 0 files updated

[16:18:05] Change detected, re-running reasoning...
🔄 Semantica is reasoning: Starting semi-naive fixpoint evaluation 🤔 reasoning DatalogReasoner |░░░░░░░░░░░░░░░| 0.0% ETA: - Rate: - Time: 0.00s Extracted: -✅ Semantica is reasoning: Fixpoint reached in 7 iterations. 3618 new facts derived. 🤔 reasoning DatalogReasoner |███████████████| 100.0% ETA: - Rate: - Time: 0.70s Extracted: -  2913 inferred facts across 807 concepts, 5 files updated

[16:18:11] Change detected, re-running reasoning...
🔄 Semantica is reasoning: Starting semi-naive fixpoint evaluation 🤔 reasoning DatalogReasoner |░░░░░░░░░░░░░░░| 0.0% ETA: - Rate: - Time: 0.00s Extracted: -✅ Semantica is reasoning: Fixpoint reached in 7 iterations. 3618 new facts derived. 🤔 reasoning DatalogReasoner |███████████████| 100.0% ETA: - Rate: - Time: 0.73s Extracted: -  2913 inferred facts across 807 concepts, 0 files updated

[17:04:39] Change detected, re-running reasoning...
🔄 Semantica is reasoning: Starting semi-naive fixpoint evaluation 🤔 reasoning DatalogReasoner |░░░░░░░░░░░░░░░| 0.0% ETA: - Rate: - Time: 0.00s Extracted: -✅ Semantica is reasoning: Fixpoint reached in 7 iterations. 3618 new facts derived. 🤔 reasoning DatalogReasoner |███████████████| 100.0% ETA: - Rate: - Time: 0.69s Extracted: -  2913 inferred facts across 807 concepts, 1 files updated

[17:04:52] Change detected, re-running reasoning...
🔄 Semantica is reasoning: Starting semi-naive fixpoint evaluation 🤔 reasoning DatalogReasoner |░░░░░░░░░░░░░░░| 0.0% ETA: - Rate: - Time: 0.00s Extracted: -✅ Semantica is reasoning: Fixpoint reached in 7 iterations. 3618 new facts derived. 🤔 reasoning DatalogReasoner |███████████████| 100.0% ETA: - Rate: - Time: 0.71s Extracted: -  2913 inferred facts across 807 concepts, 0 files updated

[17:05:06] Change detected, re-running reasoning...
🔄 Semantica is reasoning: Starting semi-naive fixpoint evaluation 🤔 reasoning DatalogReasoner |░░░░░░░░░░░░░░░| 0.0% ETA: - Rate: - Time: 0.00s Extracted: -✅ Semantica is reasoning: Fixpoint reached in 7 iterations. 3618 new facts derived. 🤔 reasoning DatalogReasoner |███████████████| 100.0% ETA: - Rate: - Time: 0.70s Extracted: -  2913 inferred facts across 807 concepts, 0 files updated

[17:05:19] Change detected, re-running reasoning...
🔄 Semantica is reasoning: Starting semi-naive fixpoint evaluation 🤔 reasoning DatalogReasoner |░░░░░░░░░░░░░░░| 0.0% ETA: - Rate: - Time: 0.00s Extracted: -✅ Semantica is reasoning: Fixpoint reached in 7 iterations. 3611 new facts derived. 🤔 reasoning DatalogReasoner |███████████████| 100.0% ETA: - Rate: - Time: 0.69s Extracted: -  2908 inferred facts across 807 concepts, 3 files updated

[17:05:27] Change detected, re-running reasoning...
🔄 Semantica is reasoning: Starting semi-naive fixpoint evaluation 🤔 reasoning DatalogReasoner |░░░░░░░░░░░░░░░| 0.0% ETA: - Rate: - Time: 0.00s Extracted: -✅ Semantica is reasoning: Fixpoint reached in 7 iterations. 3611 new facts derived. 🤔 reasoning DatalogReasoner |███████████████| 100.0% ETA: - Rate: - Time: 0.70s Extracted: -  2908 inferred facts across 807 concepts, 0 files updated

[17:05:36] Change detected, re-running reasoning...
🔄 Semantica is reasoning: Starting semi-naive fixpoint evaluation 🤔 reasoning DatalogReasoner |░░░░░░░░░░░░░░░| 0.0% ETA: - Rate: - Time: 0.00s Extracted: -✅ Semantica is reasoning: Fixpoint reached in 7 iterations. 3611 new facts derived. 🤔 reasoning DatalogReasoner |███████████████| 100.0% ETA: - Rate: - Time: 0.70s Extracted: -  2908 inferred facts across 807 concepts, 0 files updated

[17:05:41] Change detected, re-running reasoning...
🔄 Semantica is reasoning: Starting semi-naive fixpoint evaluation 🤔 reasoning DatalogReasoner |░░░░░░░░░░░░░░░| 0.0% ETA: - Rate: - Time: 0.00s Extracted: -✅ Semantica is reasoning: Fixpoint reached in 7 iterations. 3609 new facts derived. 🤔 reasoning DatalogReasoner |███████████████| 100.0% ETA: - Rate: - Time: 0.69s Extracted: -  2906 inferred facts across 806 concepts, 1 files updated

[17:05:53] Change detected, re-running reasoning...
🔄 Semantica is reasoning: Starting semi-naive fixpoint evaluation 🤔 reasoning DatalogReasoner |░░░░░░░░░░░░░░░| 0.0% ETA: - Rate: - Time: 0.00s Extracted: -✅ Semantica is reasoning: Fixpoint reached in 7 iterations. 3609 new facts derived. 🤔 reasoning DatalogReasoner |███████████████| 100.0% ETA: - Rate: - Time: 0.69s Extracted: -  2906 inferred facts across 806 concepts, 0 files updated

[17:06:00] Change detected, re-running reasoning...
🔄 Semantica is reasoning: Starting semi-naive fixpoint evaluation 🤔 reasoning DatalogReasoner |░░░░░░░░░░░░░░░| 0.0% ETA: - Rate: - Time: 0.00s Extracted: -✅ Semantica is reasoning: Fixpoint reached in 7 iterations. 3609 new facts derived. 🤔 reasoning DatalogReasoner |███████████████| 100.0% ETA: - Rate: - Time: 0.70s Extracted: -  2906 inferred facts across 806 concepts, 0 files updated

[17:07:51] Change detected, re-running reasoning...
🔄 Semantica is reasoning: Starting semi-naive fixpoint evaluation 🤔 reasoning DatalogReasoner |░░░░░░░░░░░░░░░| 0.0% ETA: - Rate: - Time: 0.00s Extracted: -✅ Semantica is reasoning: Fixpoint reached in 7 iterations. 3609 new facts derived. 🤔 reasoning DatalogReasoner |███████████████| 100.0% ETA: - Rate: - Time: 0.70s Extracted: -  2906 inferred facts across 806 concepts, 1 files updated

[17:08:03] Change detected, re-running reasoning...
🔄 Semantica is reasoning: Starting semi-naive fixpoint evaluation 🤔 reasoning DatalogReasoner |░░░░░░░░░░░░░░░| 0.0% ETA: - Rate: - Time: 0.00s Extracted: -✅ Semantica is reasoning: Fixpoint reached in 7 iterations. 3609 new facts derived. 🤔 reasoning DatalogReasoner |███████████████| 100.0% ETA: - Rate: - Time: 0.72s Extracted: -  2906 inferred facts across 806 concepts, 0 files updated

[19:07:10] Change detected, re-running reasoning...
🔄 Semantica is reasoning: Starting semi-naive fixpoint evaluation 🤔 reasoning DatalogReasoner |░░░░░░░░░░░░░░░| 0.0% ETA: - Rate: - Time: 0.00s Extracted: -✅ Semantica is reasoning: Fixpoint reached in 7 iterations. 3609 new facts derived. 🤔 reasoning DatalogReasoner |███████████████| 100.0% ETA: - Rate: - Time: 0.70s Extracted: -  2906 inferred facts across 806 concepts, 1 files updated

[19:07:15] Change detected, re-running reasoning...
🔄 Semantica is reasoning: Starting semi-naive fixpoint evaluation 🤔 reasoning DatalogReasoner |░░░░░░░░░░░░░░░| 0.0% ETA: - Rate: - Time: 0.00s Extracted: -✅ Semantica is reasoning: Fixpoint reached in 7 iterations. 3609 new facts derived. 🤔 reasoning DatalogReasoner |███████████████| 100.0% ETA: - Rate: - Time: 0.73s Extracted: -  2906 inferred facts across 806 concepts, 2 files updated

[19:07:20] Change detected, re-running reasoning...
🔄 Semantica is reasoning: Starting semi-naive fixpoint evaluation 🤔 reasoning DatalogReasoner |░░░░░░░░░░░░░░░| 0.0% ETA: - Rate: - Time: 0.00s Extracted: -✅ Semantica is reasoning: Fixpoint reached in 7 iterations. 3609 new facts derived. 🤔 reasoning DatalogReasoner |███████████████| 100.0% ETA: - Rate: - Time: 0.71s Extracted: -  2906 inferred facts across 806 concepts, 1 files updated

[19:07:25] Change detected, re-running reasoning...
🔄 Semantica is reasoning: Starting semi-naive fixpoint evaluation 🤔 reasoning DatalogReasoner |░░░░░░░░░░░░░░░| 0.0% ETA: - Rate: - Time: 0.00s Extracted: -✅ Semantica is reasoning: Fixpoint reached in 7 iterations. 3609 new facts derived. 🤔 reasoning DatalogReasoner |███████████████| 100.0% ETA: - Rate: - Time: 0.73s Extracted: -  2906 inferred facts across 806 concepts, 1 files updated

[19:07:33] Change detected, re-running reasoning...
🔄 Semantica is reasoning: Starting semi-naive fixpoint evaluation 🤔 reasoning DatalogReasoner |░░░░░░░░░░░░░░░| 0.0% ETA: - Rate: - Time: 0.00s Extracted: -✅ Semantica is reasoning: Fixpoint reached in 7 iterations. 3609 new facts derived. 🤔 reasoning DatalogReasoner |███████████████| 100.0% ETA: - Rate: - Time: 0.70s Extracted: -  2906 inferred facts across 806 concepts, 1 files updated

[19:07:40] Change detected, re-running reasoning...
🔄 Semantica is reasoning: Starting semi-naive fixpoint evaluation 🤔 reasoning DatalogReasoner |░░░░░░░░░░░░░░░| 0.0% ETA: - Rate: - Time: 0.00s Extracted: -✅ Semantica is reasoning: Fixpoint reached in 7 iterations. 3609 new facts derived. 🤔 reasoning DatalogReasoner |███████████████| 100.0% ETA: - Rate: - Time: 0.70s Extracted: -  2906 inferred facts across 806 concepts, 1 files updated

[19:07:44] Change detected, re-running reasoning...
🔄 Semantica is reasoning: Starting semi-naive fixpoint evaluation 🤔 reasoning DatalogReasoner |░░░░░░░░░░░░░░░| 0.0% ETA: - Rate: - Time: 0.00s Extracted: -✅ Semantica is reasoning: Fixpoint reached in 7 iterations. 3609 new facts derived. 🤔 reasoning DatalogReasoner |███████████████| 100.0% ETA: - Rate: - Time: 0.69s Extracted: -  2906 inferred facts across 806 concepts, 1 files updated

[19:07:53] Change detected, re-running reasoning...
🔄 Semantica is reasoning: Starting semi-naive fixpoint evaluation 🤔 reasoning DatalogReasoner |░░░░░░░░░░░░░░░| 0.0% ETA: - Rate: - Time: 0.00s Extracted: -✅ Semantica is reasoning: Fixpoint reached in 7 iterations. 3609 new facts derived. 🤔 reasoning DatalogReasoner |███████████████| 100.0% ETA: - Rate: - Time: 0.71s Extracted: -  2906 inferred facts across 806 concepts, 0 files updated

[19:07:59] Change detected, re-running reasoning...
🔄 Semantica is reasoning: Starting semi-naive fixpoint evaluation 🤔 reasoning DatalogReasoner |░░░░░░░░░░░░░░░| 0.0% ETA: - Rate: - Time: 0.00s Extracted: -✅ Semantica is reasoning: Fixpoint reached in 7 iterations. 3611 new facts derived. 🤔 reasoning DatalogReasoner |███████████████| 100.0% ETA: - Rate: - Time: 0.72s Extracted: -  2907 inferred facts across 806 concepts, 1 files updated

[19:08:06] Change detected, re-running reasoning...
🔄 Semantica is reasoning: Starting semi-naive fixpoint evaluation 🤔 reasoning DatalogReasoner |░░░░░░░░░░░░░░░| 0.0% ETA: - Rate: - Time: 0.00s Extracted: -✅ Semantica is reasoning: Fixpoint reached in 7 iterations. 3611 new facts derived. 🤔 reasoning DatalogReasoner |███████████████| 100.0% ETA: - Rate: - Time: 0.71s Extracted: -  2907 inferred facts across 806 concepts, 0 files updated

[19:08:42] Change detected, re-running reasoning...
🔄 Semantica is reasoning: Starting semi-naive fixpoint evaluation 🤔 reasoning DatalogReasoner |░░░░░░░░░░░░░░░| 0.0% ETA: - Rate: - Time: 0.00s Extracted: -✅ Semantica is reasoning: Fixpoint reached in 7 iterations. 3611 new facts derived. 🤔 reasoning DatalogReasoner |███████████████| 100.0% ETA: - Rate: - Time: 0.70s Extracted: -  2907 inferred facts across 806 concepts, 1 files updated

[19:08:47] Change detected, re-running reasoning...
🔄 Semantica is reasoning: Starting semi-naive fixpoint evaluation 🤔 reasoning DatalogReasoner |░░░░░░░░░░░░░░░| 0.0% ETA: - Rate: - Time: 0.00s Extracted: -✅ Semantica is reasoning: Fixpoint reached in 7 iterations. 3611 new facts derived. 🤔 reasoning DatalogReasoner |███████████████| 100.0% ETA: - Rate: - Time: 0.71s Extracted: -  2907 inferred facts across 806 concepts, 1 files updated

[19:08:55] Change detected, re-running reasoning...
🔄 Semantica is reasoning: Starting semi-naive fixpoint evaluation 🤔 reasoning DatalogReasoner |░░░░░░░░░░░░░░░| 0.0% ETA: - Rate: - Time: 0.00s Extracted: -✅ Semantica is reasoning: Fixpoint reached in 7 iterations. 3611 new facts derived. 🤔 reasoning DatalogReasoner |███████████████| 100.0% ETA: - Rate: - Time: 0.71s Extracted: -  2907 inferred facts across 806 concepts, 1 files updated

[19:09:01] Change detected, re-running reasoning...
🔄 Semantica is reasoning: Starting semi-naive fixpoint evaluation 🤔 reasoning DatalogReasoner |░░░░░░░░░░░░░░░| 0.0% ETA: - Rate: - Time: 0.00s Extracted: -✅ Semantica is reasoning: Fixpoint reached in 7 iterations. 3611 new facts derived. 🤔 reasoning DatalogReasoner |███████████████| 100.0% ETA: - Rate: - Time: 0.71s Extracted: -  2907 inferred facts across 806 concepts, 0 files updated

[19:09:05] Change detected, re-running reasoning...
🔄 Semantica is reasoning: Starting semi-naive fixpoint evaluation 🤔 reasoning DatalogReasoner |░░░░░░░░░░░░░░░| 0.0% ETA: - Rate: - Time: 0.00s Extracted: -✅ Semantica is reasoning: Fixpoint reached in 7 iterations. 3611 new facts derived. 🤔 reasoning DatalogReasoner |███████████████| 100.0% ETA: - Rate: - Time: 0.71s Extracted: -  2905 inferred facts across 806 concepts, 2 files updated

[19:09:09] Change detected, re-running reasoning...
🔄 Semantica is reasoning: Starting semi-naive fixpoint evaluation 🤔 reasoning DatalogReasoner |░░░░░░░░░░░░░░░| 0.0% ETA: - Rate: - Time: 0.00s Extracted: -✅ Semantica is reasoning: Fixpoint reached in 7 iterations. 3611 new facts derived. 🤔 reasoning DatalogReasoner |███████████████| 100.0% ETA: - Rate: - Time: 0.72s Extracted: -  2904 inferred facts across 806 concepts, 24 files updated

[19:09:17] Change detected, re-running reasoning...
🔄 Semantica is reasoning: Starting semi-naive fixpoint evaluation 🤔 reasoning DatalogReasoner |░░░░░░░░░░░░░░░| 0.0% ETA: - Rate: - Time: 0.00s Extracted: -✅ Semantica is reasoning: Fixpoint reached in 7 iterations. 3611 new facts derived. 🤔 reasoning DatalogReasoner |███████████████| 100.0% ETA: - Rate: - Time: 0.71s Extracted: -  2904 inferred facts across 806 concepts, 0 files updated

[19:57:13] Change detected, re-running reasoning...
🔄 Semantica is reasoning: Starting semi-naive fixpoint evaluation 🤔 reasoning DatalogReasoner |░░░░░░░░░░░░░░░| 0.0% ETA: - Rate: - Time: 0.00s Extracted: -✅ Semantica is reasoning: Fixpoint reached in 7 iterations. 3570 new facts derived. 🤔 reasoning DatalogReasoner |███████████████| 100.0% ETA: - Rate: - Time: 0.69s Extracted: -  2877 inferred facts across 806 concepts, 5 files updated

[19:57:19] Change detected, re-running reasoning...
🔄 Semantica is reasoning: Starting semi-naive fixpoint evaluation 🤔 reasoning DatalogReasoner |░░░░░░░░░░░░░░░| 0.0% ETA: - Rate: - Time: 0.00s Extracted: -✅ Semantica is reasoning: Fixpoint reached in 7 iterations. 3570 new facts derived. 🤔 reasoning DatalogReasoner |███████████████| 100.0% ETA: - Rate: - Time: 0.74s Extracted: -  2877 inferred facts across 806 concepts, 0 files updated

[19:57:49] Change detected, re-running reasoning...
🔄 Semantica is reasoning: Starting semi-naive fixpoint evaluation 🤔 reasoning DatalogReasoner |░░░░░░░░░░░░░░░| 0.0% ETA: - Rate: - Time: 0.00s Extracted: -✅ Semantica is reasoning: Fixpoint reached in 7 iterations. 3570 new facts derived. 🤔 reasoning DatalogReasoner |███████████████| 100.0% ETA: - Rate: - Time: 0.71s Extracted: -  2877 inferred facts across 806 concepts, 0 files updated

[19:57:54] Change detected, re-running reasoning...
🔄 Semantica is reasoning: Starting semi-naive fixpoint evaluation 🤔 reasoning DatalogReasoner |░░░░░░░░░░░░░░░| 0.0% ETA: - Rate: - Time: 0.00s Extracted: -✅ Semantica is reasoning: Fixpoint reached in 7 iterations. 3570 new facts derived. 🤔 reasoning DatalogReasoner |███████████████| 100.0% ETA: - Rate: - Time: 0.70s Extracted: -  2877 inferred facts across 806 concepts, 0 files updated

[19:58:15] Change detected, re-running reasoning...
🔄 Semantica is reasoning: Starting semi-naive fixpoint evaluation 🤔 reasoning DatalogReasoner |░░░░░░░░░░░░░░░| 0.0% ETA: - Rate: - Time: 0.00s Extracted: -✅ Semantica is reasoning: Fixpoint reached in 7 iterations. 3558 new facts derived. 🤔 reasoning DatalogReasoner |███████████████| 100.0% ETA: - Rate: - Time: 0.69s Extracted: -  2870 inferred facts across 805 concepts, 4 files updated

[19:58:19] Change detected, re-running reasoning...
🔄 Semantica is reasoning: Starting semi-naive fixpoint evaluation 🤔 reasoning DatalogReasoner |░░░░░░░░░░░░░░░| 0.0% ETA: - Rate: - Time: 0.00s Extracted: -✅ Semantica is reasoning: Fixpoint reached in 7 iterations. 3562 new facts derived. 🤔 reasoning DatalogReasoner |███████████████| 100.0% ETA: - Rate: - Time: 0.68s Extracted: -  2874 inferred facts across 806 concepts, 1 files updated

[19:58:23] Change detected, re-running reasoning...
🔄 Semantica is reasoning: Starting semi-naive fixpoint evaluation 🤔 reasoning DatalogReasoner |░░░░░░░░░░░░░░░| 0.0% ETA: - Rate: - Time: 0.00s Extracted: -✅ Semantica is reasoning: Fixpoint reached in 7 iterations. 3562 new facts derived. 🤔 reasoning DatalogReasoner |███████████████| 100.0% ETA: - Rate: - Time: 0.71s Extracted: -  2874 inferred facts across 806 concepts, 0 files updated

[19:58:32] Change detected, re-running reasoning...
🔄 Semantica is reasoning: Starting semi-naive fixpoint evaluation 🤔 reasoning DatalogReasoner |░░░░░░░░░░░░░░░| 0.0% ETA: - Rate: - Time: 0.00s Extracted: -✅ Semantica is reasoning: Fixpoint reached in 7 iterations. 3562 new facts derived. 🤔 reasoning DatalogReasoner |███████████████| 100.0% ETA: - Rate: - Time: 0.71s Extracted: -  2874 inferred facts across 806 concepts, 0 files updated

[19:58:46] Change detected, re-running reasoning...
🔄 Semantica is reasoning: Starting semi-naive fixpoint evaluation 🤔 reasoning DatalogReasoner |░░░░░░░░░░░░░░░| 0.0% ETA: - Rate: - Time: 0.00s Extracted: -✅ Semantica is reasoning: Fixpoint reached in 7 iterations. 3562 new facts derived. 🤔 reasoning DatalogReasoner |███████████████| 100.0% ETA: - Rate: - Time: 0.68s Extracted: -  2874 inferred facts across 806 concepts, 1 files updated

[19:58:51] Change detected, re-running reasoning...
🔄 Semantica is reasoning: Starting semi-naive fixpoint evaluation 🤔 reasoning DatalogReasoner |░░░░░░░░░░░░░░░| 0.0% ETA: - Rate: - Time: 0.00s Extracted: -✅ Semantica is reasoning: Fixpoint reached in 7 iterations. 3562 new facts derived. 🤔 reasoning DatalogReasoner |███████████████| 100.0% ETA: - Rate: - Time: 0.68s Extracted: -  2874 inferred facts across 806 concepts, 0 files updated

[20:01:57] Change detected, re-running reasoning...
🔄 Semantica is reasoning: Starting semi-naive fixpoint evaluation 🤔 reasoning DatalogReasoner |░░░░░░░░░░░░░░░| 0.0% ETA: - Rate: - Time: 0.00s Extracted: -✅ Semantica is reasoning: Fixpoint reached in 7 iterations. 3562 new facts derived. 🤔 reasoning DatalogReasoner |███████████████| 100.0% ETA: - Rate: - Time: 0.68s Extracted: -  2874 inferred facts across 806 concepts, 0 files updated

[20:02:19] Change detected, re-running reasoning...
🔄 Semantica is reasoning: Starting semi-naive fixpoint evaluation 🤔 reasoning DatalogReasoner |░░░░░░░░░░░░░░░| 0.0% ETA: - Rate: - Time: 0.00s Extracted: -✅ Semantica is reasoning: Fixpoint reached in 7 iterations. 3562 new facts derived. 🤔 reasoning DatalogReasoner |███████████████| 100.0% ETA: - Rate: - Time: 0.68s Extracted: -  2874 inferred facts across 806 concepts, 1 files updated

[20:02:25] Change detected, re-running reasoning...
🔄 Semantica is reasoning: Starting semi-naive fixpoint evaluation 🤔 reasoning DatalogReasoner |░░░░░░░░░░░░░░░| 0.0% ETA: - Rate: - Time: 0.00s Extracted: -✅ Semantica is reasoning: Fixpoint reached in 7 iterations. 3562 new facts derived. 🤔 reasoning DatalogReasoner |███████████████| 100.0% ETA: - Rate: - Time: 0.69s Extracted: -  2874 inferred facts across 806 concepts, 0 files updated

[20:02:32] Change detected, re-running reasoning...
🔄 Semantica is reasoning: Starting semi-naive fixpoint evaluation 🤔 reasoning DatalogReasoner |░░░░░░░░░░░░░░░| 0.0% ETA: - Rate: - Time: 0.00s Extracted: -✅ Semantica is reasoning: Fixpoint reached in 7 iterations. 3562 new facts derived. 🤔 reasoning DatalogReasoner |███████████████| 100.0% ETA: - Rate: - Time: 0.68s Extracted: -  2874 inferred facts across 806 concepts, 0 files updated

[20:03:42] Change detected, re-running reasoning...
🔄 Semantica is reasoning: Starting semi-naive fixpoint evaluation 🤔 reasoning DatalogReasoner |░░░░░░░░░░░░░░░| 0.0% ETA: - Rate: - Time: 0.00s Extracted: -✅ Semantica is reasoning: Fixpoint reached in 7 iterations. 3562 new facts derived. 🤔 reasoning DatalogReasoner |███████████████| 100.0% ETA: - Rate: - Time: 0.71s Extracted: -  2874 inferred facts across 806 concepts, 0 files updated

[20:03:46] Change detected, re-running reasoning...
🔄 Semantica is reasoning: Starting semi-naive fixpoint evaluation 🤔 reasoning DatalogReasoner |░░░░░░░░░░░░░░░| 0.0% ETA: - Rate: - Time: 0.00s Extracted: -✅ Semantica is reasoning: Fixpoint reached in 7 iterations. 3562 new facts derived. 🤔 reasoning DatalogReasoner |███████████████| 100.0% ETA: - Rate: - Time: 0.69s Extracted: -  2874 inferred facts across 806 concepts, 0 files updated

[20:03:50] Change detected, re-running reasoning...
🔄 Semantica is reasoning: Starting semi-naive fixpoint evaluation 🤔 reasoning DatalogReasoner |░░░░░░░░░░░░░░░| 0.0% ETA: - Rate: - Time: 0.00s Extracted: -✅ Semantica is reasoning: Fixpoint reached in 7 iterations. 3562 new facts derived. 🤔 reasoning DatalogReasoner |███████████████| 100.0% ETA: - Rate: - Time: 0.73s Extracted: -  2874 inferred facts across 806 concepts, 1 files updated

[20:03:55] Change detected, re-running reasoning...
🔄 Semantica is reasoning: Starting semi-naive fixpoint evaluation 🤔 reasoning DatalogReasoner |░░░░░░░░░░░░░░░| 0.0% ETA: - Rate: - Time: 0.00s Extracted: -✅ Semantica is reasoning: Fixpoint reached in 7 iterations. 3562 new facts derived. 🤔 reasoning DatalogReasoner |███████████████| 100.0% ETA: - Rate: - Time: 0.70s Extracted: -  2874 inferred facts across 806 concepts, 1 files updated

[20:04:00] Change detected, re-running reasoning...
🔄 Semantica is reasoning: Starting semi-naive fixpoint evaluation 🤔 reasoning DatalogReasoner |░░░░░░░░░░░░░░░| 0.0% ETA: - Rate: - Time: 0.00s Extracted: -✅ Semantica is reasoning: Fixpoint reached in 7 iterations. 3562 new facts derived. 🤔 reasoning DatalogReasoner |███████████████| 100.0% ETA: - Rate: - Time: 0.72s Extracted: -  2874 inferred facts across 806 concepts, 0 files updated

[20:04:52] Change detected, re-running reasoning...
🔄 Semantica is reasoning: Starting semi-naive fixpoint evaluation 🤔 reasoning DatalogReasoner |░░░░░░░░░░░░░░░| 0.0% ETA: - Rate: - Time: 0.00s Extracted: -✅ Semantica is reasoning: Fixpoint reached in 7 iterations. 3584 new facts derived. 🤔 reasoning DatalogReasoner |███████████████| 100.0% ETA: - Rate: - Time: 0.71s Extracted: -  2879 inferred facts across 806 concepts, 4 files updated

[20:04:57] Change detected, re-running reasoning...
🔄 Semantica is reasoning: Starting semi-naive fixpoint evaluation 🤔 reasoning DatalogReasoner |░░░░░░░░░░░░░░░| 0.0% ETA: - Rate: - Time: 0.00s Extracted: -✅ Semantica is reasoning: Fixpoint reached in 7 iterations. 3584 new facts derived. 🤔 reasoning DatalogReasoner |███████████████| 100.0% ETA: - Rate: - Time: 0.71s Extracted: -  2879 inferred facts across 806 concepts, 0 files updated

[20:05:54] Change detected, re-running reasoning...
🔄 Semantica is reasoning: Starting semi-naive fixpoint evaluation 🤔 reasoning DatalogReasoner |░░░░░░░░░░░░░░░| 0.0% ETA: - Rate: - Time: 0.00s Extracted: -✅ Semantica is reasoning: Fixpoint reached in 7 iterations. 3584 new facts derived. 🤔 reasoning DatalogReasoner |███████████████| 100.0% ETA: - Rate: - Time: 0.70s Extracted: -  2879 inferred facts across 806 concepts, 0 files updated

[20:06:15] Change detected, re-running reasoning...
🔄 Semantica is reasoning: Starting semi-naive fixpoint evaluation 🤔 reasoning DatalogReasoner |░░░░░░░░░░░░░░░| 0.0% ETA: - Rate: - Time: 0.00s Extracted: -✅ Semantica is reasoning: Fixpoint reached in 7 iterations. 3584 new facts derived. 🤔 reasoning DatalogReasoner |███████████████| 100.0% ETA: - Rate: - Time: 0.69s Extracted: -  2879 inferred facts across 806 concepts, 0 files updated

[20:06:45] Change detected, re-running reasoning...
🔄 Semantica is reasoning: Starting semi-naive fixpoint evaluation 🤔 reasoning DatalogReasoner |░░░░░░░░░░░░░░░| 0.0% ETA: - Rate: - Time: 0.00s Extracted: -✅ Semantica is reasoning: Fixpoint reached in 7 iterations. 3584 new facts derived. 🤔 reasoning DatalogReasoner |███████████████| 100.0% ETA: - Rate: - Time: 0.70s Extracted: -  2879 inferred facts across 806 concepts, 0 files updated

[20:06:50] Change detected, re-running reasoning...
🔄 Semantica is reasoning: Starting semi-naive fixpoint evaluation 🤔 reasoning DatalogReasoner |░░░░░░░░░░░░░░░| 0.0% ETA: - Rate: - Time: 0.00s Extracted: -✅ Semantica is reasoning: Fixpoint reached in 7 iterations. 3586 new facts derived. 🤔 reasoning DatalogReasoner |███████████████| 100.0% ETA: - Rate: - Time: 0.70s Extracted: -  2879 inferred facts across 806 concepts, 0 files updated

[20:06:56] Change detected, re-running reasoning...
🔄 Semantica is reasoning: Starting semi-naive fixpoint evaluation 🤔 reasoning DatalogReasoner |░░░░░░░░░░░░░░░| 0.0% ETA: - Rate: - Time: 0.00s Extracted: -✅ Semantica is reasoning: Fixpoint reached in 7 iterations. 3586 new facts derived. 🤔 reasoning DatalogReasoner |███████████████| 100.0% ETA: - Rate: - Time: 0.70s Extracted: -  2879 inferred facts across 806 concepts, 0 files updated

[20:07:01] Change detected, re-running reasoning...
🔄 Semantica is reasoning: Starting semi-naive fixpoint evaluation 🤔 reasoning DatalogReasoner |░░░░░░░░░░░░░░░| 0.0% ETA: - Rate: - Time: 0.00s Extracted: -✅ Semantica is reasoning: Fixpoint reached in 7 iterations. 3586 new facts derived. 🤔 reasoning DatalogReasoner |███████████████| 100.0% ETA: - Rate: - Time: 0.71s Extracted: -  2879 inferred facts across 806 concepts, 0 files updated

[20:07:06] Change detected, re-running reasoning...
🔄 Semantica is reasoning: Starting semi-naive fixpoint evaluation 🤔 reasoning DatalogReasoner |░░░░░░░░░░░░░░░| 0.0% ETA: - Rate: - Time: 0.00s Extracted: -✅ Semantica is reasoning: Fixpoint reached in 7 iterations. 3588 new facts derived. 🤔 reasoning DatalogReasoner |███████████████| 100.0% ETA: - Rate: - Time: 0.70s Extracted: -  2879 inferred facts across 806 concepts, 0 files updated

[20:07:21] Change detected, re-running reasoning...
🔄 Semantica is reasoning: Starting semi-naive fixpoint evaluation 🤔 reasoning DatalogReasoner |░░░░░░░░░░░░░░░| 0.0% ETA: - Rate: - Time: 0.00s Extracted: -✅ Semantica is reasoning: Fixpoint reached in 7 iterations. 3588 new facts derived. 🤔 reasoning DatalogReasoner |███████████████| 100.0% ETA: - Rate: - Time: 0.70s Extracted: -  2879 inferred facts across 806 concepts, 0 files updated

[20:07:28] Change detected, re-running reasoning...
🔄 Semantica is reasoning: Starting semi-naive fixpoint evaluation 🤔 reasoning DatalogReasoner |░░░░░░░░░░░░░░░| 0.0% ETA: - Rate: - Time: 0.00s Extracted: -✅ Semantica is reasoning: Fixpoint reached in 7 iterations. 3590 new facts derived. 🤔 reasoning DatalogReasoner |███████████████| 100.0% ETA: - Rate: - Time: 0.69s Extracted: -  2879 inferred facts across 806 concepts, 0 files updated

[20:07:48] Change detected, re-running reasoning...
🔄 Semantica is reasoning: Starting semi-naive fixpoint evaluation 🤔 reasoning DatalogReasoner |░░░░░░░░░░░░░░░| 0.0% ETA: - Rate: - Time: 0.00s Extracted: -✅ Semantica is reasoning: Fixpoint reached in 7 iterations. 3590 new facts derived. 🤔 reasoning DatalogReasoner |███████████████| 100.0% ETA: - Rate: - Time: 0.69s Extracted: -  2879 inferred facts across 806 concepts, 0 files updated

[20:07:56] Change detected, re-running reasoning...
🔄 Semantica is reasoning: Starting semi-naive fixpoint evaluation 🤔 reasoning DatalogReasoner |░░░░░░░░░░░░░░░| 0.0% ETA: - Rate: - Time: 0.00s Extracted: -✅ Semantica is reasoning: Fixpoint reached in 7 iterations. 3593 new facts derived. 🤔 reasoning DatalogReasoner |███████████████| 100.0% ETA: - Rate: - Time: 0.69s Extracted: -  2881 inferred facts across 808 concepts, 2 files updated

[20:08:02] Change detected, re-running reasoning...
🔄 Semantica is reasoning: Starting semi-naive fixpoint evaluation 🤔 reasoning DatalogReasoner |░░░░░░░░░░░░░░░| 0.0% ETA: - Rate: - Time: 0.00s Extracted: -✅ Semantica is reasoning: Fixpoint reached in 7 iterations. 3593 new facts derived. 🤔 reasoning DatalogReasoner |███████████████| 100.0% ETA: - Rate: - Time: 0.70s Extracted: -  2881 inferred facts across 808 concepts, 0 files updated

[20:08:08] Change detected, re-running reasoning...
🔄 Semantica is reasoning: Starting semi-naive fixpoint evaluation 🤔 reasoning DatalogReasoner |░░░░░░░░░░░░░░░| 0.0% ETA: - Rate: - Time: 0.00s Extracted: -✅ Semantica is reasoning: Fixpoint reached in 7 iterations. 3593 new facts derived. 🤔 reasoning DatalogReasoner |███████████████| 100.0% ETA: - Rate: - Time: 0.69s Extracted: -  2881 inferred facts across 808 concepts, 1 files updated

[20:08:16] Change detected, re-running reasoning...
🔄 Semantica is reasoning: Starting semi-naive fixpoint evaluation 🤔 reasoning DatalogReasoner |░░░░░░░░░░░░░░░| 0.0% ETA: - Rate: - Time: 0.00s Extracted: -✅ Semantica is reasoning: Fixpoint reached in 7 iterations. 3593 new facts derived. 🤔 reasoning DatalogReasoner |███████████████| 100.0% ETA: - Rate: - Time: 0.72s Extracted: -  2881 inferred facts across 808 concepts, 0 files updated

[20:08:29] Change detected, re-running reasoning...
🔄 Semantica is reasoning: Starting semi-naive fixpoint evaluation 🤔 reasoning DatalogReasoner |░░░░░░░░░░░░░░░| 0.0% ETA: - Rate: - Time: 0.00s Extracted: -✅ Semantica is reasoning: Fixpoint reached in 7 iterations. 3598 new facts derived. 🤔 reasoning DatalogReasoner |███████████████| 100.0% ETA: - Rate: - Time: 0.69s Extracted: -  2884 inferred facts across 809 concepts, 3 files updated

[20:08:35] Change detected, re-running reasoning...
🔄 Semantica is reasoning: Starting semi-naive fixpoint evaluation 🤔 reasoning DatalogReasoner |░░░░░░░░░░░░░░░| 0.0% ETA: - Rate: - Time: 0.00s Extracted: -✅ Semantica is reasoning: Fixpoint reached in 7 iterations. 3598 new facts derived. 🤔 reasoning DatalogReasoner |███████████████| 100.0% ETA: - Rate: - Time: 0.71s Extracted: -  2884 inferred facts across 809 concepts, 0 files updated

[20:09:37] Change detected, re-running reasoning...
🔄 Semantica is reasoning: Starting semi-naive fixpoint evaluation 🤔 reasoning DatalogReasoner |░░░░░░░░░░░░░░░| 0.0% ETA: - Rate: - Time: 0.00s Extracted: -✅ Semantica is reasoning: Fixpoint reached in 7 iterations. 3598 new facts derived. 🤔 reasoning DatalogReasoner |███████████████| 100.0% ETA: - Rate: - Time: 0.71s Extracted: -  2884 inferred facts across 809 concepts, 1 files updated

[20:09:42] Change detected, re-running reasoning...
🔄 Semantica is reasoning: Starting semi-naive fixpoint evaluation 🤔 reasoning DatalogReasoner |░░░░░░░░░░░░░░░| 0.0% ETA: - Rate: - Time: 0.00s Extracted: -✅ Semantica is reasoning: Fixpoint reached in 7 iterations. 3598 new facts derived. 🤔 reasoning DatalogReasoner |███████████████| 100.0% ETA: - Rate: - Time: 0.70s Extracted: -  2884 inferred facts across 809 concepts, 0 files updated

[20:09:47] Change detected, re-running reasoning...
🔄 Semantica is reasoning: Starting semi-naive fixpoint evaluation 🤔 reasoning DatalogReasoner |░░░░░░░░░░░░░░░| 0.0% ETA: - Rate: - Time: 0.00s Extracted: -✅ Semantica is reasoning: Fixpoint reached in 7 iterations. 3598 new facts derived. 🤔 reasoning DatalogReasoner |███████████████| 100.0% ETA: - Rate: - Time: 0.71s Extracted: -  2884 inferred facts across 809 concepts, 0 files updated

[20:09:51] Change detected, re-running reasoning...
🔄 Semantica is reasoning: Starting semi-naive fixpoint evaluation 🤔 reasoning DatalogReasoner |░░░░░░░░░░░░░░░| 0.0% ETA: - Rate: - Time: 0.00s Extracted: -✅ Semantica is reasoning: Fixpoint reached in 7 iterations. 3598 new facts derived. 🤔 reasoning DatalogReasoner |███████████████| 100.0% ETA: - Rate: - Time: 0.71s Extracted: -  2883 inferred facts across 809 concepts, 1 files updated

[20:09:57] Change detected, re-running reasoning...
🔄 Semantica is reasoning: Starting semi-naive fixpoint evaluation 🤔 reasoning DatalogReasoner |░░░░░░░░░░░░░░░| 0.0% ETA: - Rate: - Time: 0.00s Extracted: -✅ Semantica is reasoning: Fixpoint reached in 7 iterations. 3598 new facts derived. 🤔 reasoning DatalogReasoner |███████████████| 100.0% ETA: - Rate: - Time: 0.72s Extracted: -  2883 inferred facts across 809 concepts, 0 files updated

[20:10:21] Change detected, re-running reasoning...
🔄 Semantica is reasoning: Starting semi-naive fixpoint evaluation 🤔 reasoning DatalogReasoner |░░░░░░░░░░░░░░░| 0.0% ETA: - Rate: - Time: 0.00s Extracted: -✅ Semantica is reasoning: Fixpoint reached in 7 iterations. 3598 new facts derived. 🤔 reasoning DatalogReasoner |███████████████| 100.0% ETA: - Rate: - Time: 0.71s Extracted: -  2883 inferred facts across 809 concepts, 0 files updated

[20:10:29] Change detected, re-running reasoning...
🔄 Semantica is reasoning: Starting semi-naive fixpoint evaluation 🤔 reasoning DatalogReasoner |░░░░░░░░░░░░░░░| 0.0% ETA: - Rate: - Time: 0.00s Extracted: -✅ Semantica is reasoning: Fixpoint reached in 7 iterations. 3598 new facts derived. 🤔 reasoning DatalogReasoner |███████████████| 100.0% ETA: - Rate: - Time: 0.70s Extracted: -  2883 inferred facts across 809 concepts, 0 files updated

[20:11:01] Change detected, re-running reasoning...
🔄 Semantica is reasoning: Starting semi-naive fixpoint evaluation 🤔 reasoning DatalogReasoner |░░░░░░░░░░░░░░░| 0.0% ETA: - Rate: - Time: 0.00s Extracted: -✅ Semantica is reasoning: Fixpoint reached in 7 iterations. 3598 new facts derived. 🤔 reasoning DatalogReasoner |███████████████| 100.0% ETA: - Rate: - Time: 0.71s Extracted: -  2883 inferred facts across 809 concepts, 0 files updated

[20:11:06] Change detected, re-running reasoning...
🔄 Semantica is reasoning: Starting semi-naive fixpoint evaluation 🤔 reasoning DatalogReasoner |░░░░░░░░░░░░░░░| 0.0% ETA: - Rate: - Time: 0.00s Extracted: -✅ Semantica is reasoning: Fixpoint reached in 7 iterations. 3598 new facts derived. 🤔 reasoning DatalogReasoner |███████████████| 100.0% ETA: - Rate: - Time: 0.71s Extracted: -  2883 inferred facts across 809 concepts, 0 files updated

[20:11:12] Change detected, re-running reasoning...
🔄 Semantica is reasoning: Starting semi-naive fixpoint evaluation 🤔 reasoning DatalogReasoner |░░░░░░░░░░░░░░░| 0.0% ETA: - Rate: - Time: 0.00s Extracted: -✅ Semantica is reasoning: Fixpoint reached in 7 iterations. 3598 new facts derived. 🤔 reasoning DatalogReasoner |███████████████| 100.0% ETA: - Rate: - Time: 0.71s Extracted: -  2883 inferred facts across 809 concepts, 0 files updated

[20:11:16] Change detected, re-running reasoning...
🔄 Semantica is reasoning: Starting semi-naive fixpoint evaluation 🤔 reasoning DatalogReasoner |░░░░░░░░░░░░░░░| 0.0% ETA: - Rate: - Time: 0.00s Extracted: -✅ Semantica is reasoning: Fixpoint reached in 7 iterations. 3598 new facts derived. 🤔 reasoning DatalogReasoner |███████████████| 100.0% ETA: - Rate: - Time: 0.70s Extracted: -  2883 inferred facts across 809 concepts, 0 files updated

[20:11:21] Change detected, re-running reasoning...
🔄 Semantica is reasoning: Starting semi-naive fixpoint evaluation 🤔 reasoning DatalogReasoner |░░░░░░░░░░░░░░░| 0.0% ETA: - Rate: - Time: 0.00s Extracted: -✅ Semantica is reasoning: Fixpoint reached in 7 iterations. 3598 new facts derived. 🤔 reasoning DatalogReasoner |███████████████| 100.0% ETA: - Rate: - Time: 0.70s Extracted: -  2883 inferred facts across 809 concepts, 0 files updated

[20:11:25] Change detected, re-running reasoning...
🔄 Semantica is reasoning: Starting semi-naive fixpoint evaluation 🤔 reasoning DatalogReasoner |░░░░░░░░░░░░░░░| 0.0% ETA: - Rate: - Time: 0.00s Extracted: -✅ Semantica is reasoning: Fixpoint reached in 7 iterations. 3598 new facts derived. 🤔 reasoning DatalogReasoner |███████████████| 100.0% ETA: - Rate: - Time: 0.71s Extracted: -  2883 inferred facts across 809 concepts, 0 files updated

[20:11:30] Change detected, re-running reasoning...
🔄 Semantica is reasoning: Starting semi-naive fixpoint evaluation 🤔 reasoning DatalogReasoner |░░░░░░░░░░░░░░░| 0.0% ETA: - Rate: - Time: 0.00s Extracted: -✅ Semantica is reasoning: Fixpoint reached in 7 iterations. 3598 new facts derived. 🤔 reasoning DatalogReasoner |███████████████| 100.0% ETA: - Rate: - Time: 0.70s Extracted: -  2883 inferred facts across 809 concepts, 0 files updated

[20:11:34] Change detected, re-running reasoning...
🔄 Semantica is reasoning: Starting semi-naive fixpoint evaluation 🤔 reasoning DatalogReasoner |░░░░░░░░░░░░░░░| 0.0% ETA: - Rate: - Time: 0.00s Extracted: -✅ Semantica is reasoning: Fixpoint reached in 7 iterations. 3598 new facts derived. 🤔 reasoning DatalogReasoner |███████████████| 100.0% ETA: - Rate: - Time: 0.72s Extracted: -  2883 inferred facts across 809 concepts, 0 files updated

[20:11:39] Change detected, re-running reasoning...
🔄 Semantica is reasoning: Starting semi-naive fixpoint evaluation 🤔 reasoning DatalogReasoner |░░░░░░░░░░░░░░░| 0.0% ETA: - Rate: - Time: 0.00s Extracted: -✅ Semantica is reasoning: Fixpoint reached in 7 iterations. 3598 new facts derived. 🤔 reasoning DatalogReasoner |███████████████| 100.0% ETA: - Rate: - Time: 0.70s Extracted: -  2883 inferred facts across 809 concepts, 0 files updated

[20:11:44] Change detected, re-running reasoning...
🔄 Semantica is reasoning: Starting semi-naive fixpoint evaluation 🤔 reasoning DatalogReasoner |░░░░░░░░░░░░░░░| 0.0% ETA: - Rate: - Time: 0.00s Extracted: -✅ Semantica is reasoning: Fixpoint reached in 7 iterations. 3598 new facts derived. 🤔 reasoning DatalogReasoner |███████████████| 100.0% ETA: - Rate: - Time: 0.70s Extracted: -  2883 inferred facts across 809 concepts, 0 files updated

[20:11:56] Change detected, re-running reasoning...
🔄 Semantica is reasoning: Starting semi-naive fixpoint evaluation 🤔 reasoning DatalogReasoner |░░░░░░░░░░░░░░░| 0.0% ETA: - Rate: - Time: 0.00s Extracted: -✅ Semantica is reasoning: Fixpoint reached in 7 iterations. 3598 new facts derived. 🤔 reasoning DatalogReasoner |███████████████| 100.0% ETA: - Rate: - Time: 0.71s Extracted: -  2883 inferred facts across 809 concepts, 0 files updated

[20:12:03] Change detected, re-running reasoning...
🔄 Semantica is reasoning: Starting semi-naive fixpoint evaluation 🤔 reasoning DatalogReasoner |░░░░░░░░░░░░░░░| 0.0% ETA: - Rate: - Time: 0.00s Extracted: -✅ Semantica is reasoning: Fixpoint reached in 7 iterations. 3600 new facts derived. 🤔 reasoning DatalogReasoner |███████████████| 100.0% ETA: - Rate: - Time: 0.70s Extracted: -Watching graph/ for changes (debounce 2.0s). Ctrl+C to stop.
Running initial pass...
🔄 Semantica is reasoning: Starting semi-naive fixpoint evaluation 🤔 reasoning DatalogReasoner |░░░░░░░░░░░░░░░| 0.0% ETA: - Rate: - Time: 0.00s Extracted: -✅ Semantica is reasoning: Fixpoint reached in 7 iterations. 3600 new facts derived. 🤔 reasoning DatalogReasoner |███████████████| 100.0% ETA: - Rate: - Time: 0.69s Extracted: -